
elemstart a
attrstart a
attrval abc
attrend
error
