
elemstart a
attrstart AttributeName
data val
attrend
attrstart Ot-he_r:4tt.r
data  val  \x09\x09\x09
attrend
content
elemend
ok
