
elemstart a
attrstart a
attrval a'b'<&<&
attrend
elemend
ok
