
elemstart a
content
data ZOMFG! Element\x09content!\x0a\x0a
elemstart entities
content
data &<>'"
elemend
data \x0a
elemstart refs
content
data  ! !
elemend
data \x0aCDATA!\x0a[[CD<a/> <!-- no comment -->&amp;<?NotaPI?>&notaref;\x0a]x]]y]]]z]]\x0a
elemend
ok
