
elemstart a
content
elemstart b
content
elemend
elemend
ok
