
elemstart :A_S0mewhat-Longer.Name
content
elemend
ok
