
pistart SomePI
data abc?
piend
elemstart a
content
elemend
ok
