
pistart XMLData
data <? > <!--abc--> ?
piend
elemstart a
content
elemend
ok
