
pistart xwhatever
picontent version="1.0"
piend
elemstart a
elemend
ok
