
elemstart xml
attrstart version
attrval 1.0
attrend
error
